package p

import (
	"encoding/hex"
	"errors"
	"fmt"
	"io"
	"log"
	"net/url"
	"os"
	"strconv" // want "Fix imports"
	"time"
)

var errSentinel = errors.New("connection refused")

func positive() {
	var s string
	"hello"             // want "fmt.Sprintf can be replaced with just using the string"
	"hello"             // want "fmt.Sprintf can be replaced with just using the string"
	"hello"             // want "fmt.Sprintf can be replaced with just using the string"
	"hello"             // want "fmt.Sprint can be replaced with just using the string"
	s                   // want "fmt.Sprintf can be replaced with just using the string"
	s                   // want "fmt.Sprintf can be replaced with just using the string"
	s                   // want "fmt.Sprintf can be replaced with just using the string"
	s                   // want "fmt.Sprint can be replaced with just using the string"
	errors.New("hello") // want "fmt.Errorf can be replaced with errors.New"

	"Hello " + s      // want "fmt.Sprintf can be replaced with string concatenation"
	s + " says Hello" // want "fmt.Sprintf can be replaced with string concatenation"
	"Hello says " + s // want "fmt.Sprintf can be replaced with string concatenation"

	var err error
	errSentinel.Error() // want "fmt.Sprintf can be replaced with errSentinel.Error()"
	errSentinel.Error() // want "fmt.Sprintf can be replaced with errSentinel.Error()"
	errSentinel.Error() // want "fmt.Sprint can be replaced with errSentinel.Error()"
	io.EOF.Error()      // want "fmt.Sprintf can be replaced with io.EOF.Error()"
	io.EOF.Error()      // want "fmt.Sprintf can be replaced with io.EOF.Error()"
	io.EOF.Error()      // want "fmt.Sprint can be replaced with io.EOF.Error()"
	err.Error()         // want "fmt.Sprintf can be replaced with err.Error()"
	err.Error()         // want "fmt.Sprintf can be replaced with err.Error()"
	err.Error()         // want "fmt.Sprint can be replaced with err.Error()"

	var b bool
	strconv.FormatBool(true)  // want "fmt.Sprintf can be replaced with faster strconv.FormatBool"
	strconv.FormatBool(true)  // want "fmt.Sprintf can be replaced with faster strconv.FormatBool"
	strconv.FormatBool(true)  // want "fmt.Sprint can be replaced with faster strconv.FormatBool"
	strconv.FormatBool(false) // want "fmt.Sprintf can be replaced with faster strconv.FormatBool"
	strconv.FormatBool(false) // want "fmt.Sprintf can be replaced with faster strconv.FormatBool"
	strconv.FormatBool(false) // want "fmt.Sprint can be replaced with faster strconv.FormatBool"
	strconv.FormatBool(b)     // want "fmt.Sprintf can be replaced with faster strconv.FormatBool"
	strconv.FormatBool(b)     // want "fmt.Sprintf can be replaced with faster strconv.FormatBool"
	strconv.FormatBool(b)     // want "fmt.Sprint can be replaced with faster strconv.FormatBool"

	var bs []byte
	var ba [3]byte
	hex.EncodeToString([]byte{'a'})  // want "fmt.Sprintf can be replaced with faster hex.EncodeToString"
	hex.EncodeToString([]uint8{'b'}) // want "fmt.Sprintf can be replaced with faster hex.EncodeToString"
	hex.EncodeToString(bs)           // want "fmt.Sprintf can be replaced with faster hex.EncodeToString"
	hex.EncodeToString(ba[:])        // want "fmt.Sprintf can be replaced with faster hex.EncodeToString"

	var i int
	var i8 int8
	var i16 int16
	var i32 int32
	var i64 int64
	strconv.Itoa(i)                  // want "fmt.Sprintf can be replaced with faster strconv.Itoa"
	strconv.Itoa(i)                  // want "fmt.Sprintf can be replaced with faster strconv.Itoa"
	strconv.Itoa(i)                  // want "fmt.Sprint can be replaced with faster strconv.Itoa"
	strconv.Itoa(42)                 // want "fmt.Sprintf can be replaced with faster strconv.Itoa"
	strconv.Itoa(42)                 // want "fmt.Sprintf can be replaced with faster strconv.Itoa"
	strconv.Itoa(42)                 // want "fmt.Sprint can be replaced with faster strconv.Itoa"
	strconv.Itoa(int(i8))            // want "fmt.Sprintf can be replaced with faster strconv.Itoa"
	strconv.Itoa(int(i8))            // want "fmt.Sprintf can be replaced with faster strconv.Itoa"
	strconv.Itoa(int(i8))            // want "fmt.Sprint can be replaced with faster strconv.Itoa"
	strconv.Itoa(int(int8(42)))      // want "fmt.Sprintf can be replaced with faster strconv.Itoa"
	strconv.Itoa(int(int8(42)))      // want "fmt.Sprintf can be replaced with faster strconv.Itoa"
	strconv.Itoa(int(int8(42)))      // want "fmt.Sprint can be replaced with faster strconv.Itoa"
	strconv.Itoa(int(i16))           // want "fmt.Sprintf can be replaced with faster strconv.Itoa"
	strconv.Itoa(int(i16))           // want "fmt.Sprintf can be replaced with faster strconv.Itoa"
	strconv.Itoa(int(i16))           // want "fmt.Sprint can be replaced with faster strconv.Itoa"
	strconv.Itoa(int(int16(42)))     // want "fmt.Sprintf can be replaced with faster strconv.Itoa"
	strconv.Itoa(int(int16(42)))     // want "fmt.Sprintf can be replaced with faster strconv.Itoa"
	strconv.Itoa(int(int16(42)))     // want "fmt.Sprint can be replaced with faster strconv.Itoa"
	strconv.Itoa(int(i32))           // want "fmt.Sprintf can be replaced with faster strconv.Itoa"
	strconv.Itoa(int(i32))           // want "fmt.Sprintf can be replaced with faster strconv.Itoa"
	strconv.Itoa(int(i32))           // want "fmt.Sprint can be replaced with faster strconv.Itoa"
	strconv.Itoa(int(int32(42)))     // want "fmt.Sprintf can be replaced with faster strconv.Itoa"
	strconv.Itoa(int(int32(42)))     // want "fmt.Sprintf can be replaced with faster strconv.Itoa"
	strconv.Itoa(int(int32(42)))     // want "fmt.Sprint can be replaced with faster strconv.Itoa"
	strconv.FormatInt(i64, 10)       // want "fmt.Sprintf can be replaced with faster strconv.FormatInt"
	strconv.FormatInt(i64, 10)       // want "fmt.Sprintf can be replaced with faster strconv.FormatInt"
	strconv.FormatInt(i64, 10)       // want "fmt.Sprint can be replaced with faster strconv.FormatInt"
	strconv.FormatInt(int64(42), 10) // want "fmt.Sprintf can be replaced with faster strconv.FormatInt"
	strconv.FormatInt(int64(42), 10) // want "fmt.Sprintf can be replaced with faster strconv.FormatInt"
	strconv.FormatInt(int64(42), 10) // want "fmt.Sprint can be replaced with faster strconv.FormatInt"

	var ui uint
	var ui8 uint8
	var ui16 uint16
	var ui32 uint32
	var ui64 uint64
	strconv.FormatUint(uint64(ui), 10)         // want "fmt.Sprintf can be replaced with faster strconv.FormatUint"
	strconv.FormatUint(uint64(ui), 10)         // want "fmt.Sprintf can be replaced with faster strconv.FormatUint"
	strconv.FormatUint(uint64(ui), 10)         // want "fmt.Sprint can be replaced with faster strconv.FormatUint"
	strconv.FormatUint(uint64(uint(42)), 10)   // want "fmt.Sprintf can be replaced with faster strconv.FormatUint"
	strconv.FormatUint(uint64(uint(42)), 10)   // want "fmt.Sprintf can be replaced with faster strconv.FormatUint"
	strconv.FormatUint(uint64(uint(42)), 10)   // want "fmt.Sprint can be replaced with faster strconv.FormatUint"
	strconv.FormatUint(uint64(ui8), 10)        // want "fmt.Sprintf can be replaced with faster strconv.FormatUint"
	strconv.FormatUint(uint64(ui8), 10)        // want "fmt.Sprintf can be replaced with faster strconv.FormatUint"
	strconv.FormatUint(uint64(ui8), 10)        // want "fmt.Sprint can be replaced with faster strconv.FormatUint"
	strconv.FormatUint(uint64(uint8(42)), 10)  // want "fmt.Sprintf can be replaced with faster strconv.FormatUint"
	strconv.FormatUint(uint64(uint8(42)), 10)  // want "fmt.Sprintf can be replaced with faster strconv.FormatUint"
	strconv.FormatUint(uint64(uint8(42)), 10)  // want "fmt.Sprint can be replaced with faster strconv.FormatUint"
	strconv.FormatUint(uint64(ui16), 10)       // want "fmt.Sprintf can be replaced with faster strconv.FormatUint"
	strconv.FormatUint(uint64(ui16), 10)       // want "fmt.Sprintf can be replaced with faster strconv.FormatUint"
	strconv.FormatUint(uint64(ui16), 10)       // want "fmt.Sprint can be replaced with faster strconv.FormatUint"
	strconv.FormatUint(uint64(uint16(42)), 10) // want "fmt.Sprintf can be replaced with faster strconv.FormatUint"
	strconv.FormatUint(uint64(uint16(42)), 10) // want "fmt.Sprintf can be replaced with faster strconv.FormatUint"
	strconv.FormatUint(uint64(uint16(42)), 10) // want "fmt.Sprint can be replaced with faster strconv.FormatUint"
	strconv.FormatUint(uint64(ui32), 10)       // want "fmt.Sprintf can be replaced with faster strconv.FormatUint"
	strconv.FormatUint(uint64(ui32), 10)       // want "fmt.Sprintf can be replaced with faster strconv.FormatUint"
	strconv.FormatUint(uint64(ui32), 10)       // want "fmt.Sprint can be replaced with faster strconv.FormatUint"
	strconv.FormatUint(uint64(uint32(42)), 10) // want "fmt.Sprintf can be replaced with faster strconv.FormatUint"
	strconv.FormatUint(uint64(uint32(42)), 10) // want "fmt.Sprintf can be replaced with faster strconv.FormatUint"
	strconv.FormatUint(uint64(uint32(42)), 10) // want "fmt.Sprint can be replaced with faster strconv.FormatUint"
	strconv.FormatUint(ui64, 10)               // want "fmt.Sprintf can be replaced with faster strconv.FormatUint"
	strconv.FormatUint(ui64, 10)               // want "fmt.Sprintf can be replaced with faster strconv.FormatUint"
	strconv.FormatUint(ui64, 16)               // want "fmt.Sprintf can be replaced with faster strconv.FormatUint"
	strconv.FormatUint(uint64(uint(42)), 16)   // want "fmt.Sprintf can be replaced with faster strconv.FormatUint"
	strconv.FormatUint(ui64, 10)               // want "fmt.Sprint can be replaced with faster strconv.FormatUint"
	strconv.FormatUint(uint64(42), 10)         // want "fmt.Sprintf can be replaced with faster strconv.FormatUint"
	strconv.FormatUint(uint64(42), 10)         // want "fmt.Sprintf can be replaced with faster strconv.FormatUint"
	strconv.FormatUint(uint64(42), 10)         // want "fmt.Sprint can be replaced with faster strconv.FormatUint"
}

func suggestedFixesTest() {
	_ = func() string {
		if false {
			return "replace me" // want "fmt.Sprint can be replaced with just using the string"
		}
		return "replace me" // want "fmt.Sprintf can be replaced with just using the string"
	}

	fmt.Println(errSentinel.Error()) // want "fmt.Sprint can be replaced with errSentinel.Error()"
	fmt.Println(errSentinel.Error()) // want "fmt.Sprintf can be replaced with errSentinel.Error()"

	_ = func() string {
		switch 42 {
		case 1:
			return strconv.FormatBool(false) // want "fmt.Sprint can be replaced with faster strconv.FormatBool"
		case 2:
			return strconv.FormatBool(true) // want "fmt.Sprintf can be replaced with faster strconv.FormatBool"
		}
		return ""
	}

	var offset int
	params := url.Values{}
	params.Set("offset", strconv.Itoa(offset)) // want "fmt.Sprintf can be replaced with faster strconv.Itoa"
	params.Set("offset", strconv.Itoa(offset)) // want "fmt.Sprint can be replaced with faster strconv.Itoa"

	var pubKey []byte
	if verifyPubKey := true; verifyPubKey {
		log.Println("pubkey=" + hex.EncodeToString(pubKey)) // want "fmt.Sprintf can be replaced with faster hex.EncodeToString"
	}

	var metaHash [16]byte
	fn := fmt.Sprintf("%s.%x", "coverage.MetaFilePref", metaHash)
	_ = "tmp." + fn + strconv.FormatInt(time.Now().UnixNano(), 10) // want "fmt.Sprintf can be replaced with faster strconv.FormatInt"
	_ = "tmp." + fn + strconv.FormatInt(time.Now().UnixNano(), 10) // want "fmt.Sprint can be replaced with faster strconv.FormatInt"

	var change struct{ User struct{ ID uint } }
	var userStr string
	if id := change.User.ID; id != 0 {
		userStr = strconv.FormatUint(uint64(id), 10) // want "fmt.Sprintf can be replaced with faster strconv.FormatUint"
		userStr = strconv.FormatUint(uint64(id), 10) // want "fmt.Sprint can be replaced with faster strconv.FormatUint"
	}
	_ = userStr
}

func negative() {
	const val = "val%d"

	_ = int32(42)

	fmt.Scan(42)
	fmt.Scanf("%d", 42)
	fmt.Println("%d", 42)
	fmt.Printf("%d")
	fmt.Printf("%v")
	fmt.Printf("%d", 42)
	fmt.Printf("%s %d", "hello", 42)
	fmt.Errorf("this is %s", "complex")

	fmt.Fprint(os.Stdout, "%d", 42)
	fmt.Fprintf(os.Stdout, "test")
	fmt.Fprintf(os.Stdout, "%d")
	fmt.Fprintf(os.Stdout, "%v")
	fmt.Fprintf(os.Stdout, "%d", 42)
	fmt.Fprintf(os.Stdout, "%s %d", "hello", 42)

	fmt.Sprint("test", 42)
	fmt.Sprint(42, 42)
	fmt.Sprintf("%d", 42, 42)
	fmt.Sprintf("%#d", 42)
	fmt.Sprintf("value %d", 42)
	fmt.Sprintf(val, 42)
	fmt.Sprintf("%s %v", "hello", "world")
	fmt.Sprintf("%#v", 42)
	fmt.Sprintf("%T", struct{ string }{})
	fmt.Sprintf("%%v", 42)
	fmt.Sprintf("%3d", 42)
	fmt.Sprintf("% d", 42)
	fmt.Sprintf("%-10d", 42)
	fmt.Sprintf("%s %[1]s", "hello")
	fmt.Sprintf("%[1]s %[1]s", "hello")
	fmt.Sprintf("%[2]d %[1]d\n", 11, 22)
	fmt.Sprintf("%[3]*.[2]*[1]f", 12.0, 2, 6)
	fmt.Sprintf("%d %d %#[1]x %#x", 16, 17)

	// Integer.
	fmt.Sprintf("%#x", uint64(42))
	fmt.Sprintf("%#v", uint64(42))
	fmt.Sprintf("%#b", 42)
	fmt.Sprintf("%#o", 42)
	fmt.Sprintf("%#x", 42)
	fmt.Sprintf("%#X", 42)

	fmt.Sprintf("%b", 42)
	fmt.Sprintf("%c", 42)
	fmt.Sprintf("%o", 42)
	fmt.Sprintf("%O", 42)
	fmt.Sprintf("%q", 42)
	fmt.Sprintf("%x", 42)
	fmt.Sprintf("%X", 42)

	// Floating point.
	fmt.Sprintf("%9f", 42.42)
	fmt.Sprintf("%.2f", 42.42)
	fmt.Sprintf("%.2f", 42.42)
	fmt.Sprintf("%9.2f", 42.42)
	fmt.Sprintf("%9.f", 42.42)
	fmt.Sprintf("%.3g", 42.42)

	fmt.Sprintf("%b", float32(42.42))
	fmt.Sprintf("%e", float32(42.42))
	fmt.Sprintf("%E", float32(42.42))
	fmt.Sprintf("%f", float32(42.42))
	fmt.Sprintf("%F", float32(42.42))
	fmt.Sprintf("%g", float32(42.42))
	fmt.Sprintf("%G", float32(42.42))
	fmt.Sprintf("%x", float32(42.42))
	fmt.Sprintf("%X", float32(42.42))
	fmt.Sprintf("%v", float32(42.42))

	fmt.Sprintf("%b", 42.42)
	fmt.Sprintf("%e", 42.42)
	fmt.Sprintf("%E", 42.42)
	fmt.Sprintf("%f", 42.42)
	fmt.Sprintf("%F", 42.42)
	fmt.Sprintf("%g", 42.42)
	fmt.Sprintf("%G", 42.42)
	fmt.Sprintf("%x", 42.42)
	fmt.Sprintf("%X", 42.42)
	fmt.Sprintf("%v", 42.42)

	fmt.Sprintf("%b", 42i+42)
	fmt.Sprintf("%e", 42i+42)
	fmt.Sprintf("%E", 42i+42)
	fmt.Sprintf("%f", 42i+42)
	fmt.Sprintf("%F", 42i+42)
	fmt.Sprintf("%g", 42i+42)
	fmt.Sprintf("%G", 42i+42)
	fmt.Sprintf("%x", 42i+42)
	fmt.Sprintf("%X", 42i+42)
	fmt.Sprintf("%v", 42i+42)

	// String & slice of bytes.
	fmt.Sprintf("%q", "hello")
	fmt.Sprintf("%#q", `"hello"`)
	fmt.Sprintf("%+q", "hello")
	fmt.Sprintf("%X", "hello")

	// Slice.
	fmt.Sprintf("%x", []uint16{'d'})
	fmt.Sprintf("%x", []uint32{'d'})
	fmt.Sprintf("%x", []uint64{'d'})
	fmt.Sprintf("%x", []uint{'d'})
	fmt.Sprintf("%x", [1]byte{'c'})
	fmt.Sprintf("%x", [1]uint8{'d'})
	fmt.Sprintf("%x", [1]uint16{'d'})
	fmt.Sprintf("%x", [1]uint32{'d'})
	fmt.Sprintf("%x", [1]uint64{'d'})
	fmt.Sprintf("%x", [1]uint{'d'})
	fmt.Sprintf("%x", []int8{1})
	fmt.Sprintf("%x", []int16{1})
	fmt.Sprintf("%x", []int32{1})
	fmt.Sprintf("%x", []int64{1})
	fmt.Sprintf("%x", []int{1})
	fmt.Sprintf("%x", [...]int8{1})
	fmt.Sprintf("%x", [...]int16{1})
	fmt.Sprintf("%x", [...]int32{1})
	fmt.Sprintf("%x", [...]int64{1})
	fmt.Sprintf("%x", [...]int{1})
	fmt.Sprintf("%x", []string{"hello"})
	fmt.Sprintf("%x", []rune{'a'})

	fmt.Sprintf("% x", []byte{1, 2, 3})
	fmt.Sprintf("% X", []byte{1, 2, 3})
	fmt.Sprintf("%p", []byte{1, 2, 3})
	fmt.Sprintf("%#p", []byte{1, 2, 3})

	// Pointer.
	var ptr *int
	fmt.Sprintf("%v", ptr)
	fmt.Sprintf("%b", ptr)
	fmt.Sprintf("%d", ptr)
	fmt.Sprintf("%o", ptr)
	fmt.Sprintf("%x", ptr)
	fmt.Sprintf("%X", ptr)
}

func malformed() {
	fmt.Sprintf("%d", "example")
	fmt.Sprintf("%T", "example")
	fmt.Sprintf("%t", "example")
	fmt.Sprintf("%b", "example")
	fmt.Sprintf("%e", "example")
	fmt.Sprintf("%E", "example")
	fmt.Sprintf("%f", "example")
	fmt.Sprintf("%F", "example")
	fmt.Sprintf("%g", "example")
	fmt.Sprintf("%G", "example")
	fmt.Sprintf("%x", "example")
	fmt.Sprintf("%X", "example")

	fmt.Sprintf("%d", errSentinel)
	fmt.Sprintf("%T", errSentinel)
	fmt.Sprintf("%t", errSentinel)
	fmt.Sprintf("%b", errSentinel)
	fmt.Sprintf("%e", errSentinel)
	fmt.Sprintf("%E", errSentinel)
	fmt.Sprintf("%f", errSentinel)
	fmt.Sprintf("%F", errSentinel)
	fmt.Sprintf("%g", errSentinel)
	fmt.Sprintf("%G", errSentinel)
	fmt.Sprintf("%x", errSentinel)
	fmt.Sprintf("%X", errSentinel)

	fmt.Sprintf("%d", true)
	fmt.Sprintf("%T", true)
	fmt.Sprintf("%b", true)
	fmt.Sprintf("%e", true)
	fmt.Sprintf("%E", true)
	fmt.Sprintf("%f", true)
	fmt.Sprintf("%F", true)
	fmt.Sprintf("%g", true)
	fmt.Sprintf("%G", true)
	fmt.Sprintf("%x", true)
	fmt.Sprintf("%X", true)

	var bb []byte
	fmt.Sprintf("%d", bb)
	fmt.Sprintf("%T", bb)
	fmt.Sprintf("%t", bb)
	fmt.Sprintf("%b", bb)
	fmt.Sprintf("%e", bb)
	fmt.Sprintf("%E", bb)
	fmt.Sprintf("%f", bb)
	fmt.Sprintf("%F", bb)
	fmt.Sprintf("%g", bb)
	fmt.Sprintf("%G", bb)
	fmt.Sprintf("%X", bb)
	fmt.Sprintf("%v", bb)

	fmt.Sprintf("%T", 42)
	fmt.Sprintf("%t", 42)
	fmt.Sprintf("%b", 42)
	fmt.Sprintf("%e", 42)
	fmt.Sprintf("%E", 42)
	fmt.Sprintf("%f", 42)
	fmt.Sprintf("%F", 42)
	fmt.Sprintf("%g", 42)
	fmt.Sprintf("%G", 42)
	fmt.Sprintf("%x", 42)
	fmt.Sprintf("%X", 42)

	fmt.Sprintf("%T", uint(42))
	fmt.Sprintf("%t", uint(42))
	fmt.Sprintf("%b", uint(42))
	fmt.Sprintf("%e", uint(42))
	fmt.Sprintf("%E", uint(42))
	fmt.Sprintf("%f", uint(42))
	fmt.Sprintf("%F", uint(42))
	fmt.Sprintf("%g", uint(42))
	fmt.Sprintf("%G", uint(42))
	fmt.Sprintf("%X", uint(42))

	fmt.Sprintf("%d", 42.42)
	fmt.Sprintf("%d", map[string]string{})
	fmt.Sprint(make(chan int))
	fmt.Sprint([]int{1, 2, 3})
}
